current directory: /Users/babangain/Downloads/babangain.github.io/vendor/bundle/ruby/4.0.0/gems/fiddle-1.1.8/ext/fiddle
/opt/homebrew/opt/ruby/bin/ruby extconf.rb
checking for --enable-debug-build option... no
checking for pkg-config for libffi... not found
checking for ffi.h... no
checking for ffi/ffi.h... yes
checking for -lffi... yes
checking for ffi_closure_alloc() in ffi/ffi.h... yes
checking for ffi_prep_cif_var() in ffi/ffi.h... yes
checking for sys/mman.h... yes
checking for link.h... no
checking for dlfcn.h... yes
checking for -ldl... yes
checking for dlopen()... yes
checking for dlclose()... yes
checking for dlsym()... yes
checking for dlerror()... yes
checking for dlinfo()... no
checking for RTLD_DI_LINKMAP in dlfcn.h... no
checking for FFI_STDCALL in ffi/ffi.h... no
checking signedness of size_t... unsigned
checking for rb_str_to_interned_str()... yes
creating Makefile

current directory: /Users/babangain/Downloads/babangain.github.io/vendor/bundle/ruby/4.0.0/gems/fiddle-1.1.8/ext/fiddle
make -j11 DESTDIR\= sitearchdir\=./.gem.20260815-80110-pgh3fj sitelibdir\=./.gem.20260815-80110-pgh3fj clean

current directory: /Users/babangain/Downloads/babangain.github.io/vendor/bundle/ruby/4.0.0/gems/fiddle-1.1.8/ext/fiddle
make -j11 DESTDIR\= sitearchdir\=./.gem.20260815-80110-pgh3fj sitelibdir\=./.gem.20260815-80110-pgh3fj
compiling closure.c
compiling conversions.c
compiling fiddle.c
compiling function.c
compiling handle.c
compiling memory_view.c
compiling pinned.c
compiling pointer.c
linking shared-object fiddle.bundle

current directory: /Users/babangain/Downloads/babangain.github.io/vendor/bundle/ruby/4.0.0/gems/fiddle-1.1.8/ext/fiddle
make -j11 DESTDIR\= sitearchdir\=./.gem.20260815-80110-pgh3fj sitelibdir\=./.gem.20260815-80110-pgh3fj install
/usr/bin/install -c -m 0755 fiddle.bundle ./.gem.20260815-80110-pgh3fj

current directory: /Users/babangain/Downloads/babangain.github.io/vendor/bundle/ruby/4.0.0/gems/fiddle-1.1.8/ext/fiddle
make DESTDIR\= sitearchdir\=./.gem.20260815-80110-pgh3fj sitelibdir\=./.gem.20260815-80110-pgh3fj clean
